============================================================
  Generated by:           Genus(TM) Synthesis Solution 21.14-s082_1
  Generated on:           May 11 2026  11:13:33 pm
  Module:                 rv32im_top
  Operating conditions:   PVT_1P08V_125C (balanced_tree)
  Wireload mode:          enclosed
  Area mode:              timing library
============================================================

                                     
     Gate      Instances     Area        Library    
----------------------------------------------------
ADDFX1LVT            817    4191.210    slow_vdd1v2 
ADDHX1LVT              9      33.858    slow_vdd1v2 
AND2X1LVT            350     478.800    slow_vdd1v2 
AND2X2LVT             54      92.340    slow_vdd1v2 
AND2X4LVT             17      46.512    slow_vdd1v2 
AND2X8LVT             28     124.488    slow_vdd1v2 
AND2XLLVT          44021   60220.728    slow_vdd1v2 
AND3X1LVT              9      21.546    slow_vdd1v2 
AND3X2LVT             10      27.360    slow_vdd1v2 
AND3X4LVT              1       3.078    slow_vdd1v2 
AND3XLLVT             89     182.628    slow_vdd1v2 
AND4X1LVT            899    2152.206    slow_vdd1v2 
AND4XLLVT              7      16.758    slow_vdd1v2 
AO21X1LVT              4       9.576    slow_vdd1v2 
AO21X4LVT              2       6.840    slow_vdd1v2 
AO21XLLVT             15      35.910    slow_vdd1v2 
AO22X1LVT              1       2.736    slow_vdd1v2 
AO22XLLVT           4797   13124.592    slow_vdd1v2 
AOI211X1LVT            1       2.394    slow_vdd1v2 
AOI211XLLVT          180     369.360    slow_vdd1v2 
AOI21X1LVT           486     831.060    slow_vdd1v2 
AOI21XLLVT            15      25.650    slow_vdd1v2 
AOI221X1LVT        15578   37293.732    slow_vdd1v2 
AOI222X1LVT          169     520.182    slow_vdd1v2 
AOI22X1LVT          8634   17716.968    slow_vdd1v2 
AOI22XLLVT         16200   33242.400    slow_vdd1v2 
AOI2BB1X1LVT          34      69.768    slow_vdd1v2 
AOI2BB1XLLVT          67     137.484    slow_vdd1v2 
AOI31X1LVT            45      92.340    slow_vdd1v2 
AOI32X1LVT           183     438.102    slow_vdd1v2 
AOI33X1LVT             2       5.472    slow_vdd1v2 
AOI33XLLVT          1018    2437.092    slow_vdd1v2 
BUFX12LVT             44     225.720    slow_vdd1v2 
BUFX20LVT             19     155.952    slow_vdd1v2 
BUFX2LVT              26      44.460    slow_vdd1v2 
BUFX3LVT             878    1801.656    slow_vdd1v2 
BUFX6LVT              65     200.070    slow_vdd1v2 
CLKAND2X12LVT          1       7.524    slow_vdd1v2 
CLKAND2X3LVT           8      24.624    slow_vdd1v2 
CLKBUFX2LVT           77     131.670    slow_vdd1v2 
CLKINVX12LVT          36     147.744    slow_vdd1v2 
CLKINVX16LVT           1       5.472    slow_vdd1v2 
CLKINVX1LVT          525     538.650    slow_vdd1v2 
CLKINVX2LVT          981    1342.008    slow_vdd1v2 
CLKINVX3LVT          136     232.560    slow_vdd1v2 
CLKINVX4LVT          612    1046.520    slow_vdd1v2 
CLKINVX6LVT         2234    5348.196    slow_vdd1v2 
CLKINVX8LVT           33     101.574    slow_vdd1v2 
CLKXOR2X1LVT           8      21.888    slow_vdd1v2 
DFFHQX4LVT             9      73.872    slow_vdd1v2 
DFFNSRX4LVT        32768       0.000    slow_vdd1v2 
DFFQX2LVT              6      38.988    slow_vdd1v2 
DFFRHQX1LVT           27     166.212    slow_vdd1v2 
DFFSX2LVT          74511       0.000    slow_vdd1v2 
INVX16LVT              1       5.472    slow_vdd1v2 
INVX1LVT           12467    8527.428    slow_vdd1v2 
INVX20LVT              2      12.996    slow_vdd1v2 
INVX2LVT              89      91.314    slow_vdd1v2 
INVX3LVT               5       6.840    slow_vdd1v2 
INVX4LVT               5       8.550    slow_vdd1v2 
INVXLLVT             119      81.396    slow_vdd1v2 
MX2X1LVT              51     122.094    slow_vdd1v2 
MX2XLLVT           38451   92051.694    slow_vdd1v2 
MX3XLLVT               5      23.940    slow_vdd1v2 
MXI2XLLVT            708    1694.952    slow_vdd1v2 
NAND2BX1LVT          398     544.464    slow_vdd1v2 
NAND2BX2LVT            6      14.364    slow_vdd1v2 
NAND2BXLLVT          645     882.360    slow_vdd1v2 
NAND2X1LVT          3686    3781.836    slow_vdd1v2 
NAND2X2LVT             6      10.260    slow_vdd1v2 
NAND2X4LVT             2       6.293    slow_vdd1v2 
NAND2XLLVT          8957    9189.882    slow_vdd1v2 
NAND3BX2LVT            1       3.078    slow_vdd1v2 
NAND3BXLLVT         1127    1927.170    slow_vdd1v2 
NAND3X1LVT          1045    1786.950    slow_vdd1v2 
NAND3X2LVT             2       5.472    slow_vdd1v2 
NAND3XLLVT            98     167.580    slow_vdd1v2 
NAND4BBXLLVT           2       6.156    slow_vdd1v2 
NAND4BX1LVT           47     112.518    slow_vdd1v2 
NAND4BXLLVT            5      11.970    slow_vdd1v2 
NAND4X1LVT             4       8.208    slow_vdd1v2 
NAND4XLLVT          9945   17005.950    slow_vdd1v2 
NOR2BX1LVT         26908   36810.144    slow_vdd1v2 
NOR2BX2LVT             3       8.208    slow_vdd1v2 
NOR2BX4LVT             4      15.048    slow_vdd1v2 
NOR2X1LVT            801     821.826    slow_vdd1v2 
NOR2X2LVT             10      17.100    slow_vdd1v2 
NOR2X4LVT             11      33.858    slow_vdd1v2 
NOR2X6LVT              1       4.104    slow_vdd1v2 
NOR2X8LVT              1       5.472    slow_vdd1v2 
NOR2XLLVT            274     281.124    slow_vdd1v2 
NOR3BX1LVT            47      96.444    slow_vdd1v2 
NOR3X1LVT             84     143.640    slow_vdd1v2 
NOR3XLLVT             16      27.360    slow_vdd1v2 
NOR4BBX1LVT           10      27.360    slow_vdd1v2 
NOR4BX1LVT            33      79.002    slow_vdd1v2 
NOR4X1LVT           1380    2359.800    slow_vdd1v2 
OA21X1LVT             79     162.108    slow_vdd1v2 
OA21X2LVT              1       3.078    slow_vdd1v2 
OA22X1LVT              9      21.546    slow_vdd1v2 
OAI211X1LVT         5034    8608.140    slow_vdd1v2 
OAI21X1LVT           106     181.260    slow_vdd1v2 
OAI21XLLVT            10      17.100    slow_vdd1v2 
OAI221X1LVT          401     959.994    slow_vdd1v2 
OAI222X1LVT           47     128.592    slow_vdd1v2 
OAI222XLLVT            2       5.472    slow_vdd1v2 
OAI22X1LVT          1372    2815.344    slow_vdd1v2 
OAI22XLLVT            30      61.560    slow_vdd1v2 
OAI2BB1X1LVT        1798    3074.580    slow_vdd1v2 
OAI31X1LVT            88     180.576    slow_vdd1v2 
OAI32X1LVT            82     196.308    slow_vdd1v2 
OAI33X1LVT            19      51.984    slow_vdd1v2 
OR2X1LVT            3797    5194.296    slow_vdd1v2 
OR2X2LVT               9      15.390    slow_vdd1v2 
OR2X4LVT               5      13.680    slow_vdd1v2 
OR2X6LVT               2       7.524    slow_vdd1v2 
OR2X8LVT               1       4.446    slow_vdd1v2 
OR2XLLVT              86     117.648    slow_vdd1v2 
OR3X1LVT              15      30.780    slow_vdd1v2 
OR3X2LVT               2       4.788    slow_vdd1v2 
OR3XLLVT              47      96.444    slow_vdd1v2 
OR4X1LVT             102     209.304    slow_vdd1v2 
OR4X2LVT              13      44.460    slow_vdd1v2 
OR4X4LVT               1       3.762    slow_vdd1v2 
OR4X6LVT               1       5.472    slow_vdd1v2 
SDFFRHQX1LVT           9      73.872    slow_vdd1v2 
XNOR2X1LVT           515    1232.910    slow_vdd1v2 
XOR2XLLVT             23      62.928    slow_vdd1v2 
----------------------------------------------------
total             327915  388015.553                


                                           
     Type      Instances    Area    Area % 
-------------------------------------------
sequential        107330    352.944    0.1 
inverter           17246  17496.720    4.5 
buffer              1109   2559.528    0.7 
logic             202230 367606.361   94.7 
physical_cells         0      0.000    0.0 
-------------------------------------------
total             327915 388015.553  100.0 

